../Core/Inc/control_state.h:41:20:ControlState_IsEnabled	1
../Core/Inc/control_state.h:42:28:ControlState_GetState	1
../Core/Inc/control_state.h:43:24:ControlState_GetFaultMask	1
../Core/Src/main.c:173:5:main	1
../Core/Src/main.c:295:6:SystemClock_Config	3
../Core/Src/main.c:342:13:MX_ADC1_Init	4
../Core/Src/main.c:403:13:MX_TIM1_Init	6
../Core/Src/main.c:472:13:MX_TIM2_Init	3
../Core/Src/main.c:521:13:MX_TIM3_Init	3
../Core/Src/main.c:570:13:MX_TIM4_Init	4
../Core/Src/main.c:615:13:MX_USART2_UART_Init	2
../Core/Src/main.c:646:13:MX_DMA_Init	1
../Core/Src/main.c:671:13:MX_GPIO_Init	1
../Core/Src/main.c:717:6:HAL_TIM_PeriodElapsedCallback	3
../Core/Src/main.c:736:6:StartControlTask	7
../Core/Src/main.c:835:6:StartRosExecTask	6
../Core/Src/main.c:902:6:StartRosPubTask	2
../Core/Src/main.c:927:6:Error_Handler	1
