../Core/Inc/encoder.h:26:23:Encoder_GetRPM	1
../Core/Inc/encoder.h:27:24:Encoder_GetRawCount	1
../Core/Src/main.c:86:5:main	4
../Core/Src/main.c:212:6:SystemClock_Config	3
../Core/Src/main.c:259:13:MX_ADC1_Init	4
../Core/Src/main.c:320:13:MX_TIM1_Init	6
../Core/Src/main.c:389:13:MX_TIM2_Init	3
../Core/Src/main.c:438:13:MX_TIM3_Init	3
../Core/Src/main.c:487:13:MX_USART2_UART_Init	2
../Core/Src/main.c:518:13:MX_DMA_Init	1
../Core/Src/main.c:536:13:MX_GPIO_Init	1
../Core/Src/main.c:588:6:Error_Handler	1
