../Core/Inc/control_state.h:41:20:ControlState_IsEnabled	16	static
../Core/Inc/control_state.h:42:28:ControlState_GetState	16	static
../Core/Inc/control_state.h:43:24:ControlState_GetFaultMask	16	static
../Core/Src/main.c:101:5:main	168	static
../Core/Src/main.c:257:6:SystemClock_Config	88	static
../Core/Src/main.c:304:13:MX_ADC1_Init	24	static
../Core/Src/main.c:365:13:MX_TIM1_Init	80	static
../Core/Src/main.c:434:13:MX_TIM2_Init	56	static
../Core/Src/main.c:483:13:MX_TIM3_Init	56	static
../Core/Src/main.c:532:13:MX_TIM4_Init	48	static
../Core/Src/main.c:584:13:MX_USART2_UART_Init	8	static
../Core/Src/main.c:615:13:MX_DMA_Init	16	static
../Core/Src/main.c:633:13:MX_GPIO_Init	48	static
../Core/Src/main.c:679:6:HAL_TIM_PeriodElapsedCallback	16	static
../Core/Src/main.c:693:6:Error_Handler	4	static,ignoring_inline_asm
