../Core/Inc/encoder.h:26:23:Encoder_GetRPM	16	static
../Core/Inc/encoder.h:27:24:Encoder_GetRawCount	16	static
../Core/Src/main.c:95:14:Current_FromRaw	24	static
../Core/Src/main.c:103:16:ReadCurrents	16	static
../Core/Src/main.c:130:5:main	120	static
../Core/Src/main.c:247:6:SystemClock_Config	88	static
../Core/Src/main.c:294:13:MX_ADC1_Init	24	static
../Core/Src/main.c:355:13:MX_TIM1_Init	80	static
../Core/Src/main.c:424:13:MX_TIM2_Init	56	static
../Core/Src/main.c:473:13:MX_TIM3_Init	56	static
../Core/Src/main.c:522:13:MX_USART2_UART_Init	8	static
../Core/Src/main.c:553:13:MX_DMA_Init	16	static
../Core/Src/main.c:571:13:MX_GPIO_Init	48	static
../Core/Src/main.c:623:6:Error_Handler	4	static,ignoring_inline_asm
